Archive member included to satisfy reference by file (symbol)

c:/st/stm32cubeide_1.11.0/stm32cubeide/plugins/com.st.stm32cube.ide.mcu.externaltools.gnu-tools-for-stm32.10.3-2021.10.win32_1.0.100.202210260954/tools/bin/../lib/gcc/arm-none-eabi/10.3.1/../../../../arm-none-eabi/lib/thumb/v7e-m+fp/hard\libc_nano.a(lib_a-errno.o)
                              ./Core/Src/syscalls.o (__errno)
c:/st/stm32cubeide_1.11.0/stm32cubeide/plugins/com.st.stm32cube.ide.mcu.externaltools.gnu-tools-for-stm32.10.3-2021.10.win32_1.0.100.202210260954/tools/bin/../lib/gcc/arm-none-eabi/10.3.1/../../../../arm-none-eabi/lib/thumb/v7e-m+fp/hard\libc_nano.a(lib_a-exit.o)
                              c:/st/stm32cubeide_1.11.0/stm32cubeide/plugins/com.st.stm32cube.ide.mcu.externaltools.gnu-tools-for-stm32.10.3-2021.10.win32_1.0.100.202210260954/tools/bin/../lib/gcc/arm-none-eabi/10.3.1/../../../../arm-none-eabi/lib/thumb/v7e-m+fp/hard/crt0.o (exit)
c:/st/stm32cubeide_1.11.0/stm32cubeide/plugins/com.st.stm32cube.ide.mcu.externaltools.gnu-tools-for-stm32.10.3-2021.10.win32_1.0.100.202210260954/tools/bin/../lib/gcc/arm-none-eabi/10.3.1/../../../../arm-none-eabi/lib/thumb/v7e-m+fp/hard\libc_nano.a(lib_a-impure.o)
                              c:/st/stm32cubeide_1.11.0/stm32cubeide/plugins/com.st.stm32cube.ide.mcu.externaltools.gnu-tools-for-stm32.10.3-2021.10.win32_1.0.100.202210260954/tools/bin/../lib/gcc/arm-none-eabi/10.3.1/../../../../arm-none-eabi/lib/thumb/v7e-m+fp/hard\libc_nano.a(lib_a-exit.o) (_global_impure_ptr)
c:/st/stm32cubeide_1.11.0/stm32cubeide/plugins/com.st.stm32cube.ide.mcu.externaltools.gnu-tools-for-stm32.10.3-2021.10.win32_1.0.100.202210260954/tools/bin/../lib/gcc/arm-none-eabi/10.3.1/../../../../arm-none-eabi/lib/thumb/v7e-m+fp/hard\libc_nano.a(lib_a-init.o)
                              c:/st/stm32cubeide_1.11.0/stm32cubeide/plugins/com.st.stm32cube.ide.mcu.externaltools.gnu-tools-for-stm32.10.3-2021.10.win32_1.0.100.202210260954/tools/bin/../lib/gcc/arm-none-eabi/10.3.1/../../../../arm-none-eabi/lib/thumb/v7e-m+fp/hard/crt0.o (__libc_init_array)
c:/st/stm32cubeide_1.11.0/stm32cubeide/plugins/com.st.stm32cube.ide.mcu.externaltools.gnu-tools-for-stm32.10.3-2021.10.win32_1.0.100.202210260954/tools/bin/../lib/gcc/arm-none-eabi/10.3.1/../../../../arm-none-eabi/lib/thumb/v7e-m+fp/hard\libc_nano.a(lib_a-memset.o)
                              c:/st/stm32cubeide_1.11.0/stm32cubeide/plugins/com.st.stm32cube.ide.mcu.externaltools.gnu-tools-for-stm32.10.3-2021.10.win32_1.0.100.202210260954/tools/bin/../lib/gcc/arm-none-eabi/10.3.1/../../../../arm-none-eabi/lib/thumb/v7e-m+fp/hard/crt0.o (memset)
c:/st/stm32cubeide_1.11.0/stm32cubeide/plugins/com.st.stm32cube.ide.mcu.externaltools.gnu-tools-for-stm32.10.3-2021.10.win32_1.0.100.202210260954/tools/bin/../lib/gcc/arm-none-eabi/10.3.1/thumb/v7e-m+fp/hard\libgcc.a(_aeabi_uldivmod.o)
                              ./Drivers/STM32F4xx_HAL_Driver/Src/stm32f4xx_hal_rcc.o (__aeabi_uldivmod)
c:/st/stm32cubeide_1.11.0/stm32cubeide/plugins/com.st.stm32cube.ide.mcu.externaltools.gnu-tools-for-stm32.10.3-2021.10.win32_1.0.100.202210260954/tools/bin/../lib/gcc/arm-none-eabi/10.3.1/thumb/v7e-m+fp/hard\libgcc.a(_udivmoddi4.o)
                              c:/st/stm32cubeide_1.11.0/stm32cubeide/plugins/com.st.stm32cube.ide.mcu.externaltools.gnu-tools-for-stm32.10.3-2021.10.win32_1.0.100.202210260954/tools/bin/../lib/gcc/arm-none-eabi/10.3.1/thumb/v7e-m+fp/hard\libgcc.a(_aeabi_uldivmod.o) (__udivmoddi4)
c:/st/stm32cubeide_1.11.0/stm32cubeide/plugins/com.st.stm32cube.ide.mcu.externaltools.gnu-tools-for-stm32.10.3-2021.10.win32_1.0.100.202210260954/tools/bin/../lib/gcc/arm-none-eabi/10.3.1/thumb/v7e-m+fp/hard\libgcc.a(_dvmd_tls.o)
                              c:/st/stm32cubeide_1.11.0/stm32cubeide/plugins/com.st.stm32cube.ide.mcu.externaltools.gnu-tools-for-stm32.10.3-2021.10.win32_1.0.100.202210260954/tools/bin/../lib/gcc/arm-none-eabi/10.3.1/thumb/v7e-m+fp/hard\libgcc.a(_aeabi_uldivmod.o) (__aeabi_ldiv0)

Discarded input sections

 .text          0x0000000000000000        0x0 c:/st/stm32cubeide_1.11.0/stm32cubeide/plugins/com.st.stm32cube.ide.mcu.externaltools.gnu-tools-for-stm32.10.3-2021.10.win32_1.0.100.202210260954/tools/bin/../lib/gcc/arm-none-eabi/10.3.1/thumb/v7e-m+fp/hard/crti.o
 .data          0x0000000000000000        0x0 c:/st/stm32cubeide_1.11.0/stm32cubeide/plugins/com.st.stm32cube.ide.mcu.externaltools.gnu-tools-for-stm32.10.3-2021.10.win32_1.0.100.202210260954/tools/bin/../lib/gcc/arm-none-eabi/10.3.1/thumb/v7e-m+fp/hard/crti.o
 .bss           0x0000000000000000        0x0 c:/st/stm32cubeide_1.11.0/stm32cubeide/plugins/com.st.stm32cube.ide.mcu.externaltools.gnu-tools-for-stm32.10.3-2021.10.win32_1.0.100.202210260954/tools/bin/../lib/gcc/arm-none-eabi/10.3.1/thumb/v7e-m+fp/hard/crti.o
[...]
Memory Configuration

Name             Origin             Length             Attributes
RAM              0x0000000020000000 0x0000000000020000 xrw
FLASH            0x0000000008000000 0x0000000000080000 xr
*default*        0x0000000000000000 0xffffffffffffffff

Linker script and memory map

LOAD c:/st/stm32cubeide_1.11.0/stm32cubeide/plugins/com.st.stm32cube.ide.mcu.externaltools.gnu-tools-for-stm32.10.3-2021.10.win32_1.0.100.202210260954/tools/bin/../lib/gcc/arm-none-eabi/10.3.1/thumb/v7e-m+fp/hard/crti.o
LOAD c:/st/stm32cubeide_1.11.0/stm32cubeide/plugins/com.st.stm32cube.ide.mcu.externaltools.gnu-tools-for-stm32.10.3-2021.10.win32_1.0.100.202210260954/tools/bin/../lib/gcc/arm-none-eabi/10.3.1/thumb/v7e-m+fp/hard/crtbegin.o
LOAD c:/st/stm32cubeide_1.11.0/stm32cubeide/plugins/com.st.stm32cube.ide.mcu.externaltools.gnu-tools-for-stm32.10.3-2021.10.win32_1.0.100.202210260954/tools/bin/../lib/gcc/arm-none-eabi/10.3.1/../../../../arm-none-eabi/lib/thumb/v7e-m+fp/hard/crt0.o
LOAD ./Core/Src/main.o
LOAD ./Core/Src/stm32f4xx_hal_msp.o
LOAD ./Core/Src/stm32f4xx_it.o
LOAD ./Core/Src/syscalls.o
LOAD ./Core/Src/sysmem.o
LOAD ./Core/Src/system_stm32f4xx.o
LOAD ./Core/Startup/startup_stm32f411retx.o
LOAD ./Drivers/STM32F4xx_HAL_Driver/Src/stm32f4xx_hal.o
LOAD ./Drivers/STM32F4xx_HAL_Driver/Src/stm32f4xx_hal_cortex.o
LOAD ./Drivers/STM32F4xx_HAL_Driver/Src/stm32f4xx_hal_dma.o
LOAD ./Drivers/STM32F4xx_HAL_Driver/Src/stm32f4xx_hal_dma_ex.o
LOAD ./Drivers/STM32F4xx_HAL_Driver/Src/stm32f4xx_hal_exti.o
LOAD ./Drivers/STM32F4xx_HAL_Driver/Src/stm32f4xx_hal_flash.o
LOAD ./Drivers/STM32F4xx_HAL_Driver/Src/stm32f4xx_hal_flash_ex.o
LOAD ./Drivers/STM32F4xx_HAL_Driver/Src/stm32f4xx_hal_flash_ramfunc.o
LOAD ./Drivers/STM32F4xx_HAL_Driver/Src/stm32f4xx_hal_gpio.o
LOAD ./Drivers/STM32F4xx_HAL_Driver/Src/stm32f4xx_hal_pwr.o
LOAD ./Drivers/STM32F4xx_HAL_Driver/Src/stm32f4xx_hal_pwr_ex.o
LOAD ./Drivers/STM32F4xx_HAL_Driver/Src/stm32f4xx_hal_rcc.o
LOAD ./Drivers/STM32F4xx_HAL_Driver/Src/stm32f4xx_hal_rcc_ex.o
LOAD ./Drivers/STM32F4xx_HAL_Driver/Src/stm32f4xx_hal_spi.o
LOAD ./FATFS/App/fatfs.o
LOAD ./FATFS/Target/user_diskio.o
LOAD ./Middlewares/Third_Party/FatFs/src/diskio.o
LOAD ./Middlewares/Third_Party/FatFs/src/ff.o
LOAD ./Middlewares/Third_Party/FatFs/src/ff_gen_drv.o
LOAD ./Middlewares/Third_Party/FatFs/src/option/syscall.o
START GROUP
LOAD c:/st/stm32cubeide_1.11.0/stm32cubeide/plugins/com.st.stm32cube.ide.mcu.externaltools.gnu-tools-for-stm32.10.3-2021.10.win32_1.0.100.202210260954/tools/bin/../lib/gcc/arm-none-eabi/10.3.1/../../../../arm-none-eabi/lib/thumb/v7e-m+fp/hard\libc_nano.a
LOAD c:/st/stm32cubeide_1.11.0/stm32cubeide/plugins/com.st.stm32cube.ide.mcu.externaltools.gnu-tools-for-stm32.10.3-2021.10.win32_1.0.100.202210260954/tools/bin/../lib/gcc/arm-none-eabi/10.3.1/../../../../arm-none-eabi/lib/thumb/v7e-m+fp/hard\libm.a
END GROUP
START GROUP
LOAD c:/st/stm32cubeide_1.11.0/stm32cubeide/plugins/com.st.stm32cube.ide.mcu.externaltools.gnu-tools-for-stm32.10.3-2021.10.win32_1.0.100.202210260954/tools/bin/../lib/gcc/arm-none-eabi/10.3.1/thumb/v7e-m+fp/hard\libgcc.a
LOAD c:/st/stm32cubeide_1.11.0/stm32cubeide/plugins/com.st.stm32cube.ide.mcu.externaltools.gnu-tools-for-stm32.10.3-2021.10.win32_1.0.100.202210260954/tools/bin/../lib/gcc/arm-none-eabi/10.3.1/../../../../arm-none-eabi/lib/thumb/v7e-m+fp/hard\libc_nano.a
END GROUP
START GROUP
LOAD c:/st/stm32cubeide_1.11.0/stm32cubeide/plugins/com.st.stm32cube.ide.mcu.externaltools.gnu-tools-for-stm32.10.3-2021.10.win32_1.0.100.202210260954/tools/bin/../lib/gcc/arm-none-eabi/10.3.1/thumb/v7e-m+fp/hard\libgcc.a
LOAD c:/st/stm32cubeide_1.11.0/stm32cubeide/plugins/com.st.stm32cube.ide.mcu.externaltools.gnu-tools-for-stm32.10.3-2021.10.win32_1.0.100.202210260954/tools/bin/../lib/gcc/arm-none-eabi/10.3.1/../../../../arm-none-eabi/lib/thumb/v7e-m+fp/hard\libc_nano.a
LOAD c:/st/stm32cubeide_1.11.0/stm32cubeide/plugins/com.st.stm32cube.ide.mcu.externaltools.gnu-tools-for-stm32.10.3-2021.10.win32_1.0.100.202210260954/tools/bin/../lib/gcc/arm-none-eabi/10.3.1/../../../../arm-none-eabi/lib/thumb/v7e-m+fp/hard\libnosys.a
END GROUP
START GROUP
LOAD c:/st/stm32cubeide_1.11.0/stm32cubeide/plugins/com.st.stm32cube.ide.mcu.externaltools.gnu-tools-for-stm32.10.3-2021.10.win32_1.0.100.202210260954/tools/bin/../lib/gcc/arm-none-eabi/10.3.1/thumb/v7e-m+fp/hard\libgcc.a
LOAD c:/st/stm32cubeide_1.11.0/stm32cubeide/plugins/com.st.stm32cube.ide.mcu.externaltools.gnu-tools-for-stm32.10.3-2021.10.win32_1.0.100.202210260954/tools/bin/../lib/gcc/arm-none-eabi/10.3.1/../../../../arm-none-eabi/lib/thumb/v7e-m+fp/hard\libc_nano.a
LOAD c:/st/stm32cubeide_1.11.0/stm32cubeide/plugins/com.st.stm32cube.ide.mcu.externaltools.gnu-tools-for-stm32.10.3-2021.10.win32_1.0.100.202210260954/tools/bin/../lib/gcc/arm-none-eabi/10.3.1/../../../../arm-none-eabi/lib/thumb/v7e-m+fp/hard\libnosys.a
END GROUP
LOAD c:/st/stm32cubeide_1.11.0/stm32cubeide/plugins/com.st.stm32cube.ide.mcu.externaltools.gnu-tools-for-stm32.10.3-2021.10.win32_1.0.100.202210260954/tools/bin/../lib/gcc/arm-none-eabi/10.3.1/thumb/v7e-m+fp/hard/crtend.o
LOAD c:/st/stm32cubeide_1.11.0/stm32cubeide/plugins/com.st.stm32cube.ide.mcu.externaltools.gnu-tools-for-stm32.10.3-2021.10.win32_1.0.100.202210260954/tools/bin/../lib/gcc/arm-none-eabi/10.3.1/thumb/v7e-m+fp/hard/crtn.o
                0x0000000020020000                _estack = (ORIGIN (RAM) + LENGTH (RAM))
                0x0000000000000200                _Min_Heap_Size = 0x200
                0x0000000000000400                _Min_Stack_Size = 0x400

.isr_vector     0x0000000008000000      0x198
                0x0000000008000000                . = ALIGN (0x4)
 *(.isr_vector)
 .isr_vector    0x0000000008000000      0x198 ./Core/Startup/startup_stm32f411retx.o
                0x0000000008000000                g_pfnVectors
                0x0000000008000198                . = ALIGN (0x4)

.text           0x0000000008000198     0x1784
                0x0000000008000198                . = ALIGN (0x4)
 *(.text)
 .text          0x0000000008000198       0x40 c:/st/stm32cubeide_1.11.0/stm32cubeide/plugins/com.st.stm32cube.ide.mcu.externaltools.gnu-tools-for-stm32.10.3-2021.10.win32_1.0.100.202210260954/tools/bin/../lib/gcc/arm-none-eabi/10.3.1/thumb/v7e-m+fp/hard/crtbegin.o
 .text          0x00000000080001d8       0x30 c:/st/stm32cubeide_1.11.0/stm32cubeide/plugins/com.st.stm32cube.ide.mcu.externaltools.gnu-tools-for-stm32.10.3-2021.10.win32_1.0.100.202210260954/tools/bin/../lib/gcc/arm-none-eabi/10.3.1/thumb/v7e-m+fp/hard\libgcc.a(_aeabi_uldivmod.o)
                0x00000000080001d8                __aeabi_uldivmod
 .text          0x0000000008000208      0x2d0 c:/st/stm32cubeide_1.11.0/stm32cubeide/plugins/com.st.stm32cube.ide.mcu.externaltools.gnu-tools-for-stm32.10.3-2021.10.win32_1.0.100.202210260954/tools/bin/../lib/gcc/arm-none-eabi/10.3.1/thumb/v7e-m+fp/hard\libgcc.a(_udivmoddi4.o)
                0x0000000008000208                __udivmoddi4
 .text          0x00000000080004d8        0x4 c:/st/stm32cubeide_1.11.0/stm32cubeide/plugins/com.st.stm32cube.ide.mcu.externaltools.gnu-tools-for-stm32.10.3-2021.10.win32_1.0.100.202210260954/tools/bin/../lib/gcc/arm-none-eabi/10.3.1/thumb/v7e-m+fp/hard\libgcc.a(_dvmd_tls.o)
                0x00000000080004d8                __aeabi_idiv0
                0x00000000080004d8                __aeabi_ldiv0
 *(.text*)
 .text.main     0x00000000080004dc       0x1a ./Core/Src/main.o
                0x00000000080004dc                main
 *fill*         0x00000000080004f6        0x2 
 .text.SystemClock_Config
                0x00000000080004f8       0xbc ./Core/Src/main.o
                0x00000000080004f8                SystemClock_Config
 .text.MX_SPI1_Init
                0x00000000080005b4       0x6c ./Core/Src/main.o
 .text.MX_GPIO_Init
                0x0000000008000620       0x34 ./Core/Src/main.o
 .text.Error_Handler
                0x0000000008000654        0xa ./Core/Src/main.o
                0x0000000008000654                Error_Handler
 *fill*         0x000000000800065e        0x2 
 .text.HAL_MspInit
                0x0000000008000660       0x50 ./Core/Src/stm32f4xx_hal_msp.o
                0x0000000008000660                HAL_MspInit
 .text.HAL_SPI_MspInit
                0x00000000080006b0       0x90 ./Core/Src/stm32f4xx_hal_msp.o
                0x00000000080006b0                HAL_SPI_MspInit
 .text.NMI_Handler
                0x0000000008000740        0x6 ./Core/Src/stm32f4xx_it.o
                0x0000000008000740                NMI_Handler
 .text.HardFault_Handler
                0x0000000008000746        0x6 ./Core/Src/stm32f4xx_it.o
                0x0000000008000746                HardFault_Handler
 .text.MemManage_Handler
                0x000000000800074c        0x6 ./Core/Src/stm32f4xx_it.o
                0x000000000800074c                MemManage_Handler
 .text.BusFault_Handler
                0x0000000008000752        0x6 ./Core/Src/stm32f4xx_it.o
                0x0000000008000752                BusFault_Handler
 .text.UsageFault_Handler
                0x0000000008000758        0x6 ./Core/Src/stm32f4xx_it.o
                0x0000000008000758                UsageFault_Handler
 .text.SVC_Handler
                0x000000000800075e        0xe ./Core/Src/stm32f4xx_it.o
                0x000000000800075e                SVC_Handler
 .text.DebugMon_Handler
                0x000000000800076c        0xe ./Core/Src/stm32f4xx_it.o
                0x000000000800076c                DebugMon_Handler
 .text.PendSV_Handler
                0x000000000800077a        0xe ./Core/Src/stm32f4xx_it.o
                0x000000000800077a                PendSV_Handler
 .text.SysTick_Handler
                0x0000000008000788        0xc ./Core/Src/stm32f4xx_it.o
                0x0000000008000788                SysTick_Handler
 .text.SystemInit
                0x0000000008000794       0x24 ./Core/Src/system_stm32f4xx.o
                0x0000000008000794                SystemInit
 .text.Reset_Handler
                0x00000000080007b8       0x50 ./Core/Startup/startup_stm32f411retx.o
                0x00000000080007b8                Reset_Handler
 .text.Default_Handler
                0x0000000008000808        0x2 ./Core/Startup/startup_stm32f411retx.o
                0x0000000008000808                RTC_Alarm_IRQHandler
                0x0000000008000808                EXTI2_IRQHandler
                0x0000000008000808                SPI4_IRQHandler
                0x0000000008000808                TIM1_CC_IRQHandler
                0x0000000008000808                DMA2_Stream5_IRQHandler
                0x0000000008000808                DMA1_Stream5_IRQHandler
                0x0000000008000808                PVD_IRQHandler
                0x0000000008000808                SDIO_IRQHandler
                0x0000000008000808                TAMP_STAMP_IRQHandler
                0x0000000008000808                EXTI3_IRQHandler
                0x0000000008000808                TIM1_UP_TIM10_IRQHandler
                0x0000000008000808                I2C3_ER_IRQHandler
                0x0000000008000808                EXTI0_IRQHandler
                0x0000000008000808                I2C2_EV_IRQHandler
                0x0000000008000808                DMA1_Stream2_IRQHandler
                0x0000000008000808                FPU_IRQHandler
                0x0000000008000808                DMA2_Stream2_IRQHandler
                0x0000000008000808                SPI1_IRQHandler
                0x0000000008000808                TIM1_BRK_TIM9_IRQHandler
                0x0000000008000808                DMA2_Stream3_IRQHandler
                0x0000000008000808                USART6_IRQHandler
                0x0000000008000808                DMA2_Stream0_IRQHandler
                0x0000000008000808                TIM4_IRQHandler
                0x0000000008000808                I2C1_EV_IRQHandler
                0x0000000008000808                DMA1_Stream6_IRQHandler
                0x0000000008000808                DMA1_Stream1_IRQHandler
                0x0000000008000808                TIM3_IRQHandler
                0x0000000008000808                RCC_IRQHandler
                0x0000000008000808                Default_Handler
                0x0000000008000808                EXTI15_10_IRQHandler
                0x0000000008000808                ADC_IRQHandler
                0x0000000008000808                DMA1_Stream7_IRQHandler
                0x0000000008000808                SPI5_IRQHandler
                0x0000000008000808                TIM5_IRQHandler
                0x0000000008000808                DMA2_Stream7_IRQHandler
                0x0000000008000808                I2C3_EV_IRQHandler
                0x0000000008000808                EXTI9_5_IRQHandler
                0x0000000008000808                RTC_WKUP_IRQHandler
                0x0000000008000808                SPI2_IRQHandler
                0x0000000008000808                DMA1_Stream0_IRQHandler
                0x0000000008000808                EXTI4_IRQHandler
                0x0000000008000808                WWDG_IRQHandler
                0x0000000008000808                TIM2_IRQHandler
                0x0000000008000808                OTG_FS_WKUP_IRQHandler
                0x0000000008000808                TIM1_TRG_COM_TIM11_IRQHandler
                0x0000000008000808                EXTI1_IRQHandler
                0x0000000008000808                USART2_IRQHandler
                0x0000000008000808                I2C2_ER_IRQHandler
                0x0000000008000808                DMA2_Stream1_IRQHandler
                0x0000000008000808                FLASH_IRQHandler
                0x0000000008000808                DMA2_Stream4_IRQHandler
                0x0000000008000808                USART1_IRQHandler
                0x0000000008000808                OTG_FS_IRQHandler
                0x0000000008000808                SPI3_IRQHandler
                0x0000000008000808                DMA1_Stream4_IRQHandler
                0x0000000008000808                I2C1_ER_IRQHandler
                0x0000000008000808                DMA2_Stream6_IRQHandler
                0x0000000008000808                DMA1_Stream3_IRQHandler
 *fill*         0x000000000800080a        0x2 
 .text.HAL_Init
                0x000000000800080c       0x44 ./Drivers/STM32F4xx_HAL_Driver/Src/stm32f4xx_hal.o
                0x000000000800080c                HAL_Init
 .text.HAL_InitTick
                0x0000000008000850       0x60 ./Drivers/STM32F4xx_HAL_Driver/Src/stm32f4xx_hal.o
                0x0000000008000850                HAL_InitTick
 .text.HAL_IncTick
                0x00000000080008b0       0x28 ./Drivers/STM32F4xx_HAL_Driver/Src/stm32f4xx_hal.o
                0x00000000080008b0                HAL_IncTick
 .text.HAL_GetTick
                0x00000000080008d8       0x18 ./Drivers/STM32F4xx_HAL_Driver/Src/stm32f4xx_hal.o
                0x00000000080008d8                HAL_GetTick
 .text.__NVIC_SetPriorityGrouping
                0x00000000080008f0       0x48 ./Drivers/STM32F4xx_HAL_Driver/Src/stm32f4xx_hal_cortex.o
 .text.__NVIC_GetPriorityGrouping
                0x0000000008000938       0x1c ./Drivers/STM32F4xx_HAL_Driver/Src/stm32f4xx_hal_cortex.o
 .text.__NVIC_SetPriority
                0x0000000008000954       0x54 ./Drivers/STM32F4xx_HAL_Driver/Src/stm32f4xx_hal_cortex.o
 .text.NVIC_EncodePriority
                0x00000000080009a8       0x66 ./Drivers/STM32F4xx_HAL_Driver/Src/stm32f4xx_hal_cortex.o
 *fill*         0x0000000008000a0e        0x2 
 .text.SysTick_Config
                0x0000000008000a10       0x44 ./Drivers/STM32F4xx_HAL_Driver/Src/stm32f4xx_hal_cortex.o
 .text.HAL_NVIC_SetPriorityGrouping
                0x0000000008000a54       0x16 ./Drivers/STM32F4xx_HAL_Driver/Src/stm32f4xx_hal_cortex.o
                0x0000000008000a54                HAL_NVIC_SetPriorityGrouping
 .text.HAL_NVIC_SetPriority
                0x0000000008000a6a       0x38 ./Drivers/STM32F4xx_HAL_Driver/Src/stm32f4xx_hal_cortex.o
                0x0000000008000a6a                HAL_NVIC_SetPriority
 .text.HAL_SYSTICK_Config
                0x0000000008000aa2       0x18 ./Drivers/STM32F4xx_HAL_Driver/Src/stm32f4xx_hal_cortex.o
                0x0000000008000aa2                HAL_SYSTICK_Config
 *fill*         0x0000000008000aba        0x2 
 .text.HAL_GPIO_Init
                0x0000000008000abc      0x308 ./Drivers/STM32F4xx_HAL_Driver/Src/stm32f4xx_hal_gpio.o
                0x0000000008000abc                HAL_GPIO_Init
 .text.HAL_RCC_OscConfig
                0x0000000008000dc4      0x4f0 ./Drivers/STM32F4xx_HAL_Driver/Src/stm32f4xx_hal_rcc.o
                0x0000000008000dc4                HAL_RCC_OscConfig
 .text.HAL_RCC_ClockConfig
                0x00000000080012b4      0x1cc ./Drivers/STM32F4xx_HAL_Driver/Src/stm32f4xx_hal_rcc.o
                0x00000000080012b4                HAL_RCC_ClockConfig
 .text.HAL_RCC_GetSysClockFreq
                0x0000000008001480      0x18c ./Drivers/STM32F4xx_HAL_Driver/Src/stm32f4xx_hal_rcc.o
                0x0000000008001480                HAL_RCC_GetSysClockFreq
 .text.HAL_SPI_Init
                0x000000000800160c      0x112 ./Drivers/STM32F4xx_HAL_Driver/Src/stm32f4xx_hal_spi.o
                0x000000000800160c                HAL_SPI_Init
 *fill*         0x000000000800171e        0x2 
 .text.MX_FATFS_Init
                0x0000000008001720       0x24 ./FATFS/App/fatfs.o
                0x0000000008001720                MX_FATFS_Init
 .text.USER_initialize
                0x0000000008001744       0x28 ./FATFS/Target/user_diskio.o
                0x0000000008001744                USER_initialize
 .text.USER_status
                0x000000000800176c       0x28 ./FATFS/Target/user_diskio.o
                0x000000000800176c                USER_status
 .text.USER_read
                0x0000000008001794       0x1e ./FATFS/Target/user_diskio.o
                0x0000000008001794                USER_read
 .text.USER_write
                0x00000000080017b2       0x1e ./FATFS/Target/user_diskio.o
                0x00000000080017b2                USER_write
 .text.USER_ioctl
                0x00000000080017d0       0x22 ./FATFS/Target/user_diskio.o
                0x00000000080017d0                USER_ioctl
 *fill*         0x00000000080017f2        0x2 
 .text.FATFS_LinkDriverEx
                0x00000000080017f4       0x98 ./Middlewares/Third_Party/FatFs/src/ff_gen_drv.o
                0x00000000080017f4                FATFS_LinkDriverEx
 .text.FATFS_LinkDriver
                0x000000000800188c       0x1e ./Middlewares/Third_Party/FatFs/src/ff_gen_drv.o
                0x000000000800188c                FATFS_LinkDriver
 *fill*         0x00000000080018aa        0x2 
 .text.__libc_init_array
                0x00000000080018ac       0x48 c:/st/stm32cubeide_1.11.0/stm32cubeide/plugins/com.st.stm32cube.ide.mcu.externaltools.gnu-tools-for-stm32.10.3-2021.10.win32_1.0.100.202210260954/tools/bin/../lib/gcc/arm-none-eabi/10.3.1/../../../../arm-none-eabi/lib/thumb/v7e-m+fp/hard\libc_nano.a(lib_a-init.o)
                0x00000000080018ac                __libc_init_array
 .text.memset   0x00000000080018f4       0x10 c:/st/stm32cubeide_1.11.0/stm32cubeide/plugins/com.st.stm32cube.ide.mcu.externaltools.gnu-tools-for-stm32.10.3-2021.10.win32_1.0.100.202210260954/tools/bin/../lib/gcc/arm-none-eabi/10.3.1/../../../../arm-none-eabi/lib/thumb/v7e-m+fp/hard\libc_nano.a(lib_a-memset.o)
                0x00000000080018f4                memset
 *(.glue_7)
 .glue_7        0x0000000008001904        0x0 linker stubs
 *(.glue_7t)
 .glue_7t       0x0000000008001904        0x0 linker stubs
 *(.eh_frame)
 .eh_frame      0x0000000008001904        0x0 c:/st/stm32cubeide_1.11.0/stm32cubeide/plugins/com.st.stm32cube.ide.mcu.externaltools.gnu-tools-for-stm32.10.3-2021.10.win32_1.0.100.202210260954/tools/bin/../lib/gcc/arm-none-eabi/10.3.1/thumb/v7e-m+fp/hard/crtbegin.o
 *(.init)
 .init          0x0000000008001904        0x4 c:/st/stm32cubeide_1.11.0/stm32cubeide/plugins/com.st.stm32cube.ide.mcu.externaltools.gnu-tools-for-stm32.10.3-2021.10.win32_1.0.100.202210260954/tools/bin/../lib/gcc/arm-none-eabi/10.3.1/thumb/v7e-m+fp/hard/crti.o
                0x0000000008001904                _init
 .init          0x0000000008001908        0x8 c:/st/stm32cubeide_1.11.0/stm32cubeide/plugins/com.st.stm32cube.ide.mcu.externaltools.gnu-tools-for-stm32.10.3-2021.10.win32_1.0.100.202210260954/tools/bin/../lib/gcc/arm-none-eabi/10.3.1/thumb/v7e-m+fp/hard/crtn.o
 *(.fini)
 .fini          0x0000000008001910        0x4 c:/st/stm32cubeide_1.11.0/stm32cubeide/plugins/com.st.stm32cube.ide.mcu.externaltools.gnu-tools-for-stm32.10.3-2021.10.win32_1.0.100.202210260954/tools/bin/../lib/gcc/arm-none-eabi/10.3.1/thumb/v7e-m+fp/hard/crti.o
                0x0000000008001910                _fini
 .fini          0x0000000008001914        0x8 c:/st/stm32cubeide_1.11.0/stm32cubeide/plugins/com.st.stm32cube.ide.mcu.externaltools.gnu-tools-for-stm32.10.3-2021.10.win32_1.0.100.202210260954/tools/bin/../lib/gcc/arm-none-eabi/10.3.1/thumb/v7e-m+fp/hard/crtn.o
                0x000000000800191c                . = ALIGN (0x4)
                0x000000000800191c                _etext = .

.vfp11_veneer   0x000000000800191c        0x0
 .vfp11_veneer  0x000000000800191c        0x0 linker stubs

.v4_bx          0x000000000800191c        0x0
 .v4_bx         0x000000000800191c        0x0 linker stubs

.iplt           0x000000000800191c        0x0
 .iplt          0x000000000800191c        0x0 c:/st/stm32cubeide_1.11.0/stm32cubeide/plugins/com.st.stm32cube.ide.mcu.externaltools.gnu-tools-for-stm32.10.3-2021.10.win32_1.0.100.202210260954/tools/bin/../lib/gcc/arm-none-eabi/10.3.1/thumb/v7e-m+fp/hard/crtbegin.o

.rodata         0x000000000800191c       0x10
                0x000000000800191c                . = ALIGN (0x4)
 *(.rodata)
 *(.rodata*)
 .rodata.AHBPrescTable
                0x000000000800191c       0x10 ./Core/Src/system_stm32f4xx.o
                0x000000000800191c                AHBPrescTable
                0x000000000800192c                . = ALIGN (0x4)

.ARM.extab      0x000000000800192c        0x0
                0x000000000800192c                . = ALIGN (0x4)
 *(.ARM.extab* .gnu.linkonce.armextab.*)
                0x000000000800192c                . = ALIGN (0x4)

.ARM            0x000000000800192c        0x8
                0x000000000800192c                . = ALIGN (0x4)
                0x000000000800192c                __exidx_start = .
 *(.ARM.exidx*)
 .ARM.exidx     0x000000000800192c        0x8 c:/st/stm32cubeide_1.11.0/stm32cubeide/plugins/com.st.stm32cube.ide.mcu.externaltools.gnu-tools-for-stm32.10.3-2021.10.win32_1.0.100.202210260954/tools/bin/../lib/gcc/arm-none-eabi/10.3.1/thumb/v7e-m+fp/hard\libgcc.a(_udivmoddi4.o)
                0x0000000008001934                __exidx_end = .
                0x0000000008001934                . = ALIGN (0x4)

.rel.dyn        0x0000000008001934        0x0
 .rel.iplt      0x0000000008001934        0x0 c:/st/stm32cubeide_1.11.0/stm32cubeide/plugins/com.st.stm32cube.ide.mcu.externaltools.gnu-tools-for-stm32.10.3-2021.10.win32_1.0.100.202210260954/tools/bin/../lib/gcc/arm-none-eabi/10.3.1/thumb/v7e-m+fp/hard/crtbegin.o

.preinit_array  0x0000000008001934        0x0
                0x0000000008001934                . = ALIGN (0x4)
                0x0000000008001934                PROVIDE (__preinit_array_start = .)
 *(.preinit_array*)
                0x0000000008001934                PROVIDE (__preinit_array_end = .)
                0x0000000008001934                . = ALIGN (0x4)

.init_array     0x0000000008001934        0x4
                0x0000000008001934                . = ALIGN (0x4)
                0x0000000008001934                PROVIDE (__init_array_start = .)
 *(SORT_BY_NAME(.init_array.*))
 *(.init_array*)
 .init_array    0x0000000008001934        0x4 c:/st/stm32cubeide_1.11.0/stm32cubeide/plugins/com.st.stm32cube.ide.mcu.externaltools.gnu-tools-for-stm32.10.3-2021.10.win32_1.0.100.202210260954/tools/bin/../lib/gcc/arm-none-eabi/10.3.1/thumb/v7e-m+fp/hard/crtbegin.o
                0x0000000008001938                PROVIDE (__init_array_end = .)
                0x0000000008001938                . = ALIGN (0x4)

.fini_array     0x0000000008001938        0x4
                0x0000000008001938                . = ALIGN (0x4)
                [!provide]                        PROVIDE (__fini_array_start = .)
 *(SORT_BY_NAME(.fini_array.*))
 *(.fini_array*)
 .fini_array    0x0000000008001938        0x4 c:/st/stm32cubeide_1.11.0/stm32cubeide/plugins/com.st.stm32cube.ide.mcu.externaltools.gnu-tools-for-stm32.10.3-2021.10.win32_1.0.100.202210260954/tools/bin/../lib/gcc/arm-none-eabi/10.3.1/thumb/v7e-m+fp/hard/crtbegin.o
                [!provide]                        PROVIDE (__fini_array_end = .)
                0x000000000800193c                . = ALIGN (0x4)
                0x000000000800193c                _sidata = LOADADDR (.data)

.data           0x0000000020000000       0x20 load address 0x000000000800193c
                0x0000000020000000                . = ALIGN (0x4)
                0x0000000020000000                _sdata = .
 *(.data)
 *(.data*)
 .data.SystemCoreClock
                0x0000000020000000        0x4 ./Core/Src/system_stm32f4xx.o
                0x0000000020000000                SystemCoreClock
 .data.uwTickPrio
                0x0000000020000004        0x4 ./Drivers/STM32F4xx_HAL_Driver/Src/stm32f4xx_hal.o
                0x0000000020000004                uwTickPrio
 .data.uwTickFreq
                0x0000000020000008        0x1 ./Drivers/STM32F4xx_HAL_Driver/Src/stm32f4xx_hal.o
                0x0000000020000008                uwTickFreq
 .data.Stat     0x0000000020000009        0x1 ./FATFS/Target/user_diskio.o
 *fill*         0x000000002000000a        0x2 
 .data.USER_Driver
                0x000000002000000c       0x14 ./FATFS/Target/user_diskio.o
                0x000000002000000c                USER_Driver
 *(.RamFunc)
 *(.RamFunc*)
                0x0000000020000020                . = ALIGN (0x4)
                0x0000000020000020                _edata = .

.igot.plt       0x0000000020000020        0x0 load address 0x000000000800195c
 .igot.plt      0x0000000020000020        0x0 c:/st/stm32cubeide_1.11.0/stm32cubeide/plugins/com.st.stm32cube.ide.mcu.externaltools.gnu-tools-for-stm32.10.3-2021.10.win32_1.0.100.202210260954/tools/bin/../lib/gcc/arm-none-eabi/10.3.1/thumb/v7e-m+fp/hard/crtbegin.o
                0x0000000020000020                . = ALIGN (0x4)

.bss            0x0000000020000020       0x8c load address 0x000000000800195c
                0x0000000020000020                _sbss = .
                0x0000000020000020                __bss_start__ = _sbss
 *(.bss)
 .bss           0x0000000020000020       0x1c c:/st/stm32cubeide_1.11.0/stm32cubeide/plugins/com.st.stm32cube.ide.mcu.externaltools.gnu-tools-for-stm32.10.3-2021.10.win32_1.0.100.202210260954/tools/bin/../lib/gcc/arm-none-eabi/10.3.1/thumb/v7e-m+fp/hard/crtbegin.o
 *(.bss*)
 .bss.hspi1     0x000000002000003c       0x58 ./Core/Src/main.o
                0x000000002000003c                hspi1
 .bss.uwTick    0x0000000020000094        0x4 ./Drivers/STM32F4xx_HAL_Driver/Src/stm32f4xx_hal.o
                0x0000000020000094                uwTick
 .bss.retUSER   0x0000000020000098        0x1 ./FATFS/App/fatfs.o
                0x0000000020000098                retUSER
 *fill*         0x0000000020000099        0x3 
 .bss.USERPath  0x000000002000009c        0x4 ./FATFS/App/fatfs.o
                0x000000002000009c                USERPath
 .bss.disk      0x00000000200000a0        0xc ./Middlewares/Third_Party/FatFs/src/ff_gen_drv.o
                0x00000000200000a0                disk
 *(COMMON)
                0x00000000200000ac                . = ALIGN (0x4)
                0x00000000200000ac                _ebss = .
                0x00000000200000ac                __bss_end__ = _ebss

._user_heap_stack
                0x00000000200000ac      0x604 load address 0x000000000800195c
                0x00000000200000b0                . = ALIGN (0x8)
 *fill*         0x00000000200000ac        0x4 
                [!provide]                        PROVIDE (end = .)
                0x00000000200000b0                PROVIDE (_end = .)
                0x00000000200002b0                . = (. + _Min_Heap_Size)
 *fill*         0x00000000200000b0      0x200 
                0x00000000200006b0                . = (. + _Min_Stack_Size)
 *fill*         0x00000000200002b0      0x400 
                0x00000000200006b0                . = ALIGN (0x8)

/DISCARD/
 libc.a(*)
 libm.a(*)
 libgcc.a(*)

.ARM.attributes
                0x0000000000000000       0x30
 *(.ARM.attributes)
 .ARM.attributes
                0x0000000000000000       0x1e c:/st/stm32cubeide_1.11.0/stm32cubeide/plugins/com.st.stm32cube.ide.mcu.externaltools.gnu-tools-for-stm32.10.3-2021.10.win32_1.0.100.202210260954/tools/bin/../lib/gcc/arm-none-eabi/10.3.1/thumb/v7e-m+fp/hard/crti.o
 .ARM.attributes
                0x000000000000001e       0x34 c:/st/stm32cubeide_1.11.0/stm32cubeide/plugins/com.st.stm32cube.ide.mcu.externaltools.gnu-tools-for-stm32.10.3-2021.10.win32_1.0.100.202210260954/tools/bin/../lib/gcc/arm-none-eabi/10.3.1/thumb/v7e-m+fp/hard/crtbegin.o
 .ARM.attributes
                0x0000000000000052       0x34 ./Core/Src/main.o
 .ARM.attributes
                0x0000000000000086       0x34 ./Core/Src/stm32f4xx_hal_msp.o
 .ARM.attributes
                0x00000000000000ba       0x34 ./Core/Src/stm32f4xx_it.o
 .ARM.attributes
                0x00000000000000ee       0x34 ./Core/Src/system_stm32f4xx.o
 .ARM.attributes
                0x0000000000000122       0x21 ./Core/Startup/startup_stm32f411retx.o
 .ARM.attributes
                0x0000000000000143       0x34 ./Drivers/STM32F4xx_HAL_Driver/Src/stm32f4xx_hal.o
 .ARM.attributes
                0x0000000000000177       0x34 ./Drivers/STM32F4xx_HAL_Driver/Src/stm32f4xx_hal_cortex.o
 .ARM.attributes
                0x00000000000001ab       0x34 ./Drivers/STM32F4xx_HAL_Driver/Src/stm32f4xx_hal_gpio.o
 .ARM.attributes
                0x00000000000001df       0x34 ./Drivers/STM32F4xx_HAL_Driver/Src/stm32f4xx_hal_rcc.o
 .ARM.attributes
                0x0000000000000213       0x34 ./Drivers/STM32F4xx_HAL_Driver/Src/stm32f4xx_hal_spi.o
 .ARM.attributes
                0x0000000000000247       0x34 ./FATFS/App/fatfs.o
 .ARM.attributes
                0x000000000000027b       0x34 ./FATFS/Target/user_diskio.o
 .ARM.attributes
                0x00000000000002af       0x34 ./Middlewares/Third_Party/FatFs/src/ff_gen_drv.o
 .ARM.attributes
                0x00000000000002e3       0x34 c:/st/stm32cubeide_1.11.0/stm32cubeide/plugins/com.st.stm32cube.ide.mcu.externaltools.gnu-tools-for-stm32.10.3-2021.10.win32_1.0.100.202210260954/tools/bin/../lib/gcc/arm-none-eabi/10.3.1/../../../../arm-none-eabi/lib/thumb/v7e-m+fp/hard\libc_nano.a(lib_a-init.o)
 .ARM.attributes
                0x0000000000000317       0x34 c:/st/stm32cubeide_1.11.0/stm32cubeide/plugins/com.st.stm32cube.ide.mcu.externaltools.gnu-tools-for-stm32.10.3-2021.10.win32_1.0.100.202210260954/tools/bin/../lib/gcc/arm-none-eabi/10.3.1/../../../../arm-none-eabi/lib/thumb/v7e-m+fp/hard\libc_nano.a(lib_a-memset.o)
 .ARM.attributes
                0x000000000000034b       0x1e c:/st/stm32cubeide_1.11.0/stm32cubeide/plugins/com.st.stm32cube.ide.mcu.externaltools.gnu-tools-for-stm32.10.3-2021.10.win32_1.0.100.202210260954/tools/bin/../lib/gcc/arm-none-eabi/10.3.1/thumb/v7e-m+fp/hard\libgcc.a(_aeabi_uldivmod.o)
 .ARM.attributes
                0x0000000000000369       0x34 c:/st/stm32cubeide_1.11.0/stm32cubeide/plugins/com.st.stm32cube.ide.mcu.externaltools.gnu-tools-for-stm32.10.3-2021.10.win32_1.0.100.202210260954/tools/bin/../lib/gcc/arm-none-eabi/10.3.1/thumb/v7e-m+fp/hard\libgcc.a(_udivmoddi4.o)
 .ARM.attributes
                0x000000000000039d       0x1e c:/st/stm32cubeide_1.11.0/stm32cubeide/plugins/com.st.stm32cube.ide.mcu.externaltools.gnu-tools-for-stm32.10.3-2021.10.win32_1.0.100.202210260954/tools/bin/../lib/gcc/arm-none-eabi/10.3.1/thumb/v7e-m+fp/hard\libgcc.a(_dvmd_tls.o)
 .ARM.attributes
                0x00000000000003bb       0x1e c:/st/stm32cubeide_1.11.0/stm32cubeide/plugins/com.st.stm32cube.ide.mcu.externaltools.gnu-tools-for-stm32.10.3-2021.10.win32_1.0.100.202210260954/tools/bin/../lib/gcc/arm-none-eabi/10.3.1/thumb/v7e-m+fp/hard/crtn.o
OUTPUT(fstFs.elf elf32-littlearm)
LOAD linker stubs
LOAD c:/st/stm32cubeide_1.11.0/stm32cubeide/plugins/com.st.stm32cube.ide.mcu.externaltools.gnu-tools-for-stm32.10.3-2021.10.win32_1.0.100.202210260954/tools/bin/../lib/gcc/arm-none-eabi/10.3.1/../../../../arm-none-eabi/lib/thumb/v7e-m+fp/hard\libc.a
LOAD c:/st/stm32cubeide_1.11.0/stm32cubeide/plugins/com.st.stm32cube.ide.mcu.externaltools.gnu-tools-for-stm32.10.3-2021.10.win32_1.0.100.202210260954/tools/bin/../lib/gcc/arm-none-eabi/10.3.1/../../../../arm-none-eabi/lib/thumb/v7e-m+fp/hard\libm.a
LOAD c:/st/stm32cubeide_1.11.0/stm32cubeide/plugins/com.st.stm32cube.ide.mcu.externaltools.gnu-tools-for-stm32.10.3-2021.10.win32_1.0.100.202210260954/tools/bin/../lib/gcc/arm-none-eabi/10.3.1/thumb/v7e-m+fp/hard\libgcc.a

.debug_info     0x0000000000000000     0x662c
 .debug_info    0x0000000000000000      0xacf ./Core/Src/main.o
 .debug_info    0x0000000000000acf      0x9da ./Core/Src/stm32f4xx_hal_msp.o
 .debug_info    0x00000000000014a9      0x121 ./Core/Src/stm32f4xx_it.o
 .debug_info    0x00000000000015ca      0x54f ./Core/Src/system_stm32f4xx.o
 .debug_info    0x0000000000001b19       0x22 ./Core/Startup/startup_stm32f411retx.o
 .debug_info    0x0000000000001b3b      0x90d ./Drivers/STM32F4xx_HAL_Driver/Src/stm32f4xx_hal.o
 .debug_info    0x0000000000002448      0xd8b ./Drivers/STM32F4xx_HAL_Driver/Src/stm32f4xx_hal_cortex.o
 .debug_info    0x00000000000031d3      0x78e ./Drivers/STM32F4xx_HAL_Driver/Src/stm32f4xx_hal_gpio.o
 .debug_info    0x0000000000003961      0x98d ./Drivers/STM32F4xx_HAL_Driver/Src/stm32f4xx_hal_rcc.o
 .debug_info    0x00000000000042ee     0x1750 ./Drivers/STM32F4xx_HAL_Driver/Src/stm32f4xx_hal_spi.o
 .debug_info    0x0000000000005a3e      0x4fa ./FATFS/App/fatfs.o
 .debug_info    0x0000000000005f38      0x34b ./FATFS/Target/user_diskio.o
 .debug_info    0x0000000000006283      0x3a9 ./Middlewares/Third_Party/FatFs/src/ff_gen_drv.o

.debug_abbrev   0x0000000000000000     0x15bb
 .debug_abbrev  0x0000000000000000      0x232 ./Core/Src/main.o
 .debug_abbrev  0x0000000000000232      0x194 ./Core/Src/stm32f4xx_hal_msp.o
 .debug_abbrev  0x00000000000003c6       0x74 ./Core/Src/stm32f4xx_it.o
 .debug_abbrev  0x000000000000043a      0x116 ./Core/Src/system_stm32f4xx.o
 .debug_abbrev  0x0000000000000550       0x12 ./Core/Startup/startup_stm32f411retx.o
 .debug_abbrev  0x0000000000000562      0x23e ./Drivers/STM32F4xx_HAL_Driver/Src/stm32f4xx_hal.o
 .debug_abbrev  0x00000000000007a0      0x316 ./Drivers/STM32F4xx_HAL_Driver/Src/stm32f4xx_hal_cortex.o
 .debug_abbrev  0x0000000000000ab6      0x1c4 ./Drivers/STM32F4xx_HAL_Driver/Src/stm32f4xx_hal_gpio.o
 .debug_abbrev  0x0000000000000c7a      0x2aa ./Drivers/STM32F4xx_HAL_Driver/Src/stm32f4xx_hal_rcc.o
 .debug_abbrev  0x0000000000000f24      0x26e ./Drivers/STM32F4xx_HAL_Driver/Src/stm32f4xx_hal_spi.o
 .debug_abbrev  0x0000000000001192      0x15a ./FATFS/App/fatfs.o
 .debug_abbrev  0x00000000000012ec      0x139 ./FATFS/Target/user_diskio.o
 .debug_abbrev  0x0000000000001425      0x196 ./Middlewares/Third_Party/FatFs/src/ff_gen_drv.o

.debug_aranges  0x0000000000000000      0x680
 .debug_aranges
                0x0000000000000000       0x40 ./Core/Src/main.o
 .debug_aranges
                0x0000000000000040       0x30 ./Core/Src/stm32f4xx_hal_msp.o
 .debug_aranges
                0x0000000000000070       0x60 ./Core/Src/stm32f4xx_it.o
 .debug_aranges
                0x00000000000000d0       0x28 ./Core/Src/system_stm32f4xx.o
 .debug_aranges
                0x00000000000000f8       0x28 ./Core/Startup/startup_stm32f411retx.o
 .debug_aranges
                0x0000000000000120       0xf0 ./Drivers/STM32F4xx_HAL_Driver/Src/stm32f4xx_hal.o
 .debug_aranges
                0x0000000000000210      0x118 ./Drivers/STM32F4xx_HAL_Driver/Src/stm32f4xx_hal_cortex.o
 .debug_aranges
                0x0000000000000328       0x58 ./Drivers/STM32F4xx_HAL_Driver/Src/stm32f4xx_hal_gpio.o
 .debug_aranges
                0x0000000000000380       0x88 ./Drivers/STM32F4xx_HAL_Driver/Src/stm32f4xx_hal_rcc.o
 .debug_aranges
                0x0000000000000408      0x1d0 ./Drivers/STM32F4xx_HAL_Driver/Src/stm32f4xx_hal_spi.o
 .debug_aranges
                0x00000000000005d8       0x28 ./FATFS/App/fatfs.o
 .debug_aranges
                0x0000000000000600       0x40 ./FATFS/Target/user_diskio.o
 .debug_aranges
                0x0000000000000640       0x40 ./Middlewares/Third_Party/FatFs/src/ff_gen_drv.o

.debug_ranges   0x0000000000000000      0x5b8
 .debug_ranges  0x0000000000000000       0x30 ./Core/Src/main.o
 .debug_ranges  0x0000000000000030       0x20 ./Core/Src/stm32f4xx_hal_msp.o
 .debug_ranges  0x0000000000000050       0x50 ./Core/Src/stm32f4xx_it.o
 .debug_ranges  0x00000000000000a0       0x18 ./Core/Src/system_stm32f4xx.o
 .debug_ranges  0x00000000000000b8       0x20 ./Core/Startup/startup_stm32f411retx.o
 .debug_ranges  0x00000000000000d8       0xe0 ./Drivers/STM32F4xx_HAL_Driver/Src/stm32f4xx_hal.o
 .debug_ranges  0x00000000000001b8      0x108 ./Drivers/STM32F4xx_HAL_Driver/Src/stm32f4xx_hal_cortex.o
 .debug_ranges  0x00000000000002c0       0x48 ./Drivers/STM32F4xx_HAL_Driver/Src/stm32f4xx_hal_gpio.o
 .debug_ranges  0x0000000000000308       0x78 ./Drivers/STM32F4xx_HAL_Driver/Src/stm32f4xx_hal_rcc.o
 .debug_ranges  0x0000000000000380      0x1c0 ./Drivers/STM32F4xx_HAL_Driver/Src/stm32f4xx_hal_spi.o
 .debug_ranges  0x0000000000000540       0x18 ./FATFS/App/fatfs.o
 .debug_ranges  0x0000000000000558       0x30 ./FATFS/Target/user_diskio.o
 .debug_ranges  0x0000000000000588       0x30 ./Middlewares/Third_Party/FatFs/src/ff_gen_drv.o

.debug_macro    0x0000000000000000    0x15cdd
 .debug_macro   0x0000000000000000      0x2e3 ./Core/Src/main.o
 .debug_macro   0x00000000000002e3      0xa78 ./Core/Src/main.o
 .debug_macro   0x0000000000000d5b      0x295 ./Core/Src/main.o
 .debug_macro   0x0000000000000ff0       0x2e ./Core/Src/main.o
 .debug_macro   0x000000000000101e       0x28 ./Core/Src/main.o
 .debug_macro   0x0000000000001046       0x22 ./Core/Src/main.o
 .debug_macro   0x0000000000001068       0x8e ./Core/Src/main.o
 .debug_macro   0x00000000000010f6       0x51 ./Core/Src/main.o
 .debug_macro   0x0000000000001147      0x103 ./Core/Src/main.o
 .debug_macro   0x000000000000124a       0x6a ./Core/Src/main.o
 .debug_macro   0x00000000000012b4      0x1df ./Core/Src/main.o
 .debug_macro   0x0000000000001493       0x1c ./Core/Src/main.o
 .debug_macro   0x00000000000014af       0x22 ./Core/Src/main.o
 .debug_macro   0x00000000000014d1       0xd9 ./Core/Src/main.o
 .debug_macro   0x00000000000015aa     0x102d ./Core/Src/main.o
 .debug_macro   0x00000000000025d7      0x11f ./Core/Src/main.o
 .debug_macro   0x00000000000026f6     0xb953 ./Core/Src/main.o
 .debug_macro   0x000000000000e049       0x6d ./Core/Src/main.o
 .debug_macro   0x000000000000e0b6     0x367e ./Core/Src/main.o
 .debug_macro   0x0000000000011734      0x174 ./Core/Src/main.o
 .debug_macro   0x00000000000118a8       0x5c ./Core/Src/main.o
 .debug_macro   0x0000000000011904      0x447 ./Core/Src/main.o
 .debug_macro   0x0000000000011d4b      0x9fe ./Core/Src/main.o
 .debug_macro   0x0000000000012749      0x115 ./Core/Src/main.o
 .debug_macro   0x000000000001285e      0x11b ./Core/Src/main.o
 .debug_macro   0x0000000000012979       0xa5 ./Core/Src/main.o
 .debug_macro   0x0000000000012a1e      0x15f ./Core/Src/main.o
 .debug_macro   0x0000000000012b7d      0x287 ./Core/Src/main.o
 .debug_macro   0x0000000000012e04       0x5f ./Core/Src/main.o
 .debug_macro   0x0000000000012e63      0x236 ./Core/Src/main.o
 .debug_macro   0x0000000000013099      0x132 ./Core/Src/main.o
 .debug_macro   0x00000000000131cb      0x264 ./Core/Src/main.o
 .debug_macro   0x000000000001342f       0x2e ./Core/Src/main.o
 .debug_macro   0x000000000001345d      0x11a ./Core/Src/main.o
 .debug_macro   0x0000000000013577       0x85 ./Core/Src/main.o
 .debug_macro   0x00000000000135fc       0x89 ./Core/Src/main.o
 .debug_macro   0x0000000000013685      0x225 ./Core/Src/main.o
 .debug_macro   0x00000000000138aa      0x126 ./Core/Src/main.o
 .debug_macro   0x00000000000139d0       0xeb ./Core/Src/main.o
 .debug_macro   0x0000000000013abb       0x1e ./Core/Src/main.o
 .debug_macro   0x0000000000013ad9       0x52 ./Core/Src/main.o
 .debug_macro   0x0000000000013b2b       0x3c ./Core/Src/main.o
 .debug_macro   0x0000000000013b67       0x34 ./Core/Src/main.o
 .debug_macro   0x0000000000013b9b       0x16 ./Core/Src/main.o
 .debug_macro   0x0000000000013bb1       0x35 ./Core/Src/main.o
 .debug_macro   0x0000000000013be6       0x16 ./Core/Src/main.o
 .debug_macro   0x0000000000013bfc       0x43 ./Core/Src/main.o
 .debug_macro   0x0000000000013c3f       0x34 ./Core/Src/main.o
 .debug_macro   0x0000000000013c73       0x10 ./Core/Src/main.o
 .debug_macro   0x0000000000013c83       0x58 ./Core/Src/main.o
 .debug_macro   0x0000000000013cdb       0x71 ./Core/Src/main.o
 .debug_macro   0x0000000000013d4c       0x1c ./Core/Src/main.o
 .debug_macro   0x0000000000013d68      0x12a ./Core/Src/main.o
 .debug_macro   0x0000000000013e92      0x341 ./Core/Src/main.o
 .debug_macro   0x00000000000141d3       0x16 ./Core/Src/main.o
 .debug_macro   0x00000000000141e9       0x29 ./Core/Src/main.o
 .debug_macro   0x0000000000014212       0x12 ./Core/Src/main.o
 .debug_macro   0x0000000000014224       0xe2 ./Core/Src/main.o
 .debug_macro   0x0000000000014306       0x8e ./Core/Src/main.o
 .debug_macro   0x0000000000014394      0x1c4 ./Core/Src/stm32f4xx_hal_msp.o
 .debug_macro   0x0000000000014558      0x1ce ./Core/Src/stm32f4xx_it.o
 .debug_macro   0x0000000000014726      0x1ba ./Core/Src/system_stm32f4xx.o
 .debug_macro   0x00000000000148e0      0x21a ./Drivers/STM32F4xx_HAL_Driver/Src/stm32f4xx_hal.o
 .debug_macro   0x0000000000014afa      0x1ba ./Drivers/STM32F4xx_HAL_Driver/Src/stm32f4xx_hal_cortex.o
 .debug_macro   0x0000000000014cb4      0x1c0 ./Drivers/STM32F4xx_HAL_Driver/Src/stm32f4xx_hal_gpio.o
 .debug_macro   0x0000000000014e74      0x1de ./Drivers/STM32F4xx_HAL_Driver/Src/stm32f4xx_hal_rcc.o
 .debug_macro   0x0000000000015052      0x1c9 ./Drivers/STM32F4xx_HAL_Driver/Src/stm32f4xx_hal_spi.o
 .debug_macro   0x000000000001521b      0x2e9 ./FATFS/App/fatfs.o
 .debug_macro   0x0000000000015504       0xe5 ./FATFS/App/fatfs.o
 .debug_macro   0x00000000000155e9      0x306 ./FATFS/Target/user_diskio.o
 .debug_macro   0x00000000000158ef       0x10 ./FATFS/Target/user_diskio.o
 .debug_macro   0x00000000000158ff       0x20 ./FATFS/Target/user_diskio.o
 .debug_macro   0x000000000001591f       0x16 ./FATFS/Target/user_diskio.o
 .debug_macro   0x0000000000015935       0x7c ./FATFS/Target/user_diskio.o
 .debug_macro   0x00000000000159b1       0x56 ./FATFS/Target/user_diskio.o
 .debug_macro   0x0000000000015a07      0x2d6 ./Middlewares/Third_Party/FatFs/src/ff_gen_drv.o

.debug_line     0x0000000000000000     0x82c0
 .debug_line    0x0000000000000000      0x945 ./Core/Src/main.o
 .debug_line    0x0000000000000945      0x6de ./Core/Src/stm32f4xx_hal_msp.o
 .debug_line    0x0000000000001023      0x754 ./Core/Src/stm32f4xx_it.o
 .debug_line    0x0000000000001777      0x713 ./Core/Src/system_stm32f4xx.o
 .debug_line    0x0000000000001e8a       0x88 ./Core/Startup/startup_stm32f411retx.o
 .debug_line    0x0000000000001f12      0x979 ./Drivers/STM32F4xx_HAL_Driver/Src/stm32f4xx_hal.o
 .debug_line    0x000000000000288b      0xc28 ./Drivers/STM32F4xx_HAL_Driver/Src/stm32f4xx_hal_cortex.o
 .debug_line    0x00000000000034b3      0xab1 ./Drivers/STM32F4xx_HAL_Driver/Src/stm32f4xx_hal_gpio.o
 .debug_line    0x0000000000003f64      0xcf3 ./Drivers/STM32F4xx_HAL_Driver/Src/stm32f4xx_hal_rcc.o
 .debug_line    0x0000000000004c57     0x1c03 ./Drivers/STM32F4xx_HAL_Driver/Src/stm32f4xx_hal_spi.o
 .debug_line    0x000000000000685a      0x87e ./FATFS/App/fatfs.o
 .debug_line    0x00000000000070d8      0x8dd ./FATFS/Target/user_diskio.o
 .debug_line    0x00000000000079b5      0x90b ./Middlewares/Third_Party/FatFs/src/ff_gen_drv.o

.debug_str      0x0000000000000000    0x84551
 .debug_str     0x0000000000000000    0x828f7 ./Core/Src/main.o
                                      0x82beb (size before relaxing)
 .debug_str     0x00000000000828f7       0xd9 ./Core/Src/stm32f4xx_hal_msp.o
                                      0x7f610 (size before relaxing)
 .debug_str     0x00000000000829d0       0xc9 ./Core/Src/stm32f4xx_it.o
                                      0x7f089 (size before relaxing)
 .debug_str     0x0000000000082a99       0xdb ./Core/Src/system_stm32f4xx.o
                                      0x7f1c5 (size before relaxing)
 .debug_str     0x0000000000082b74       0x36 ./Core/Startup/startup_stm32f411retx.o
                                         0x65 (size before relaxing)
 .debug_str     0x0000000000082baa      0x9b8 ./Drivers/STM32F4xx_HAL_Driver/Src/stm32f4xx_hal.o
                                      0x7fbf1 (size before relaxing)
 .debug_str     0x0000000000083562      0x354 ./Drivers/STM32F4xx_HAL_Driver/Src/stm32f4xx_hal_cortex.o
                                      0x7f912 (size before relaxing)
 .debug_str     0x00000000000838b6      0x15d ./Drivers/STM32F4xx_HAL_Driver/Src/stm32f4xx_hal_gpio.o
                                      0x7f340 (size before relaxing)
 .debug_str     0x0000000000083a13      0x233 ./Drivers/STM32F4xx_HAL_Driver/Src/stm32f4xx_hal_rcc.o
                                      0x7f5f9 (size before relaxing)
 .debug_str     0x0000000000083c46      0x5a2 ./Drivers/STM32F4xx_HAL_Driver/Src/stm32f4xx_hal_spi.o
                                      0x7fa77 (size before relaxing)
 .debug_str     0x00000000000841e8      0x1c6 ./FATFS/App/fatfs.o
                                      0x82671 (size before relaxing)
 .debug_str     0x00000000000843ae       0xe9 ./FATFS/Target/user_diskio.o
                                      0x825ef (size before relaxing)
 .debug_str     0x0000000000084497       0xba ./Middlewares/Third_Party/FatFs/src/ff_gen_drv.o
                                      0x825d1 (size before relaxing)

.comment        0x0000000000000000       0x50
 .comment       0x0000000000000000       0x50 ./Core/Src/main.o
                                         0x51 (size before relaxing)
 .comment       0x0000000000000050       0x51 ./Core/Src/stm32f4xx_hal_msp.o
 .comment       0x0000000000000050       0x51 ./Core/Src/stm32f4xx_it.o
 .comment       0x0000000000000050       0x51 ./Core/Src/system_stm32f4xx.o
 .comment       0x0000000000000050       0x51 ./Drivers/STM32F4xx_HAL_Driver/Src/stm32f4xx_hal.o
 .comment       0x0000000000000050       0x51 ./Drivers/STM32F4xx_HAL_Driver/Src/stm32f4xx_hal_cortex.o
 .comment       0x0000000000000050       0x51 ./Drivers/STM32F4xx_HAL_Driver/Src/stm32f4xx_hal_gpio.o
 .comment       0x0000000000000050       0x51 ./Drivers/STM32F4xx_HAL_Driver/Src/stm32f4xx_hal_rcc.o
 .comment       0x0000000000000050       0x51 ./Drivers/STM32F4xx_HAL_Driver/Src/stm32f4xx_hal_spi.o
 .comment       0x0000000000000050       0x51 ./FATFS/App/fatfs.o
 .comment       0x0000000000000050       0x51 ./FATFS/Target/user_diskio.o
 .comment       0x0000000000000050       0x51 ./Middlewares/Third_Party/FatFs/src/ff_gen_drv.o

.debug_frame    0x0000000000000000     0x1890
 .debug_frame   0x0000000000000000       0xac ./Core/Src/main.o
 .debug_frame   0x00000000000000ac       0x80 ./Core/Src/stm32f4xx_hal_msp.o
 .debug_frame   0x000000000000012c      0x104 ./Core/Src/stm32f4xx_it.o
 .debug_frame   0x0000000000000230       0x58 ./Core/Src/system_stm32f4xx.o
 .debug_frame   0x0000000000000288      0x374 ./Drivers/STM32F4xx_HAL_Driver/Src/stm32f4xx_hal.o
 .debug_frame   0x00000000000005fc      0x498 ./Drivers/STM32F4xx_HAL_Driver/Src/stm32f4xx_hal_cortex.o
 .debug_frame   0x0000000000000a94      0x14c ./Drivers/STM32F4xx_HAL_Driver/Src/stm32f4xx_hal_gpio.o
 .debug_frame   0x0000000000000be0      0x1f4 ./Drivers/STM32F4xx_HAL_Driver/Src/stm32f4xx_hal_rcc.o
 .debug_frame   0x0000000000000dd4      0x824 ./Drivers/STM32F4xx_HAL_Driver/Src/stm32f4xx_hal_spi.o
 .debug_frame   0x00000000000015f8       0x4c ./FATFS/App/fatfs.o
 .debug_frame   0x0000000000001644       0xd8 ./FATFS/Target/user_diskio.o
 .debug_frame   0x000000000000171c       0xc8 ./Middlewares/Third_Party/FatFs/src/ff_gen_drv.o
 .debug_frame   0x00000000000017e4       0x2c c:/st/stm32cubeide_1.11.0/stm32cubeide/plugins/com.st.stm32cube.ide.mcu.externaltools.gnu-tools-for-stm32.10.3-2021.10.win32_1.0.100.202210260954/tools/bin/../lib/gcc/arm-none-eabi/10.3.1/../../../../arm-none-eabi/lib/thumb/v7e-m+fp/hard\libc_nano.a(lib_a-init.o)
 .debug_frame   0x0000000000001810       0x20 c:/st/stm32cubeide_1.11.0/stm32cubeide/plugins/com.st.stm32cube.ide.mcu.externaltools.gnu-tools-for-stm32.10.3-2021.10.win32_1.0.100.202210260954/tools/bin/../lib/gcc/arm-none-eabi/10.3.1/../../../../arm-none-eabi/lib/thumb/v7e-m+fp/hard\libc_nano.a(lib_a-memset.o)
 .debug_frame   0x0000000000001830       0x2c c:/st/stm32cubeide_1.11.0/stm32cubeide/plugins/com.st.stm32cube.ide.mcu.externaltools.gnu-tools-for-stm32.10.3-2021.10.win32_1.0.100.202210260954/tools/bin/../lib/gcc/arm-none-eabi/10.3.1/thumb/v7e-m+fp/hard\libgcc.a(_aeabi_uldivmod.o)
 .debug_frame   0x000000000000185c       0x34 c:/st/stm32cubeide_1.11.0/stm32cubeide/plugins/com.st.stm32cube.ide.mcu.externaltools.gnu-tools-for-stm32.10.3-2021.10.win32_1.0.100.202210260954/tools/bin/../lib/gcc/arm-none-eabi/10.3.1/thumb/v7e-m+fp/hard\libgcc.a(_udivmoddi4.o)
